// Jest Snapshot v1, https://goo.gl/fbAQLP

exports[`custom-element renders correctly 1`] = `
<custom-element
  class="container"
>
  <h1 />
</custom-element>
`;
